{"company_name": "LMNエンタープライズ株式会社", "min_salary": 150, "max_salary": 400, "location": "愛知県", "using_lang": "PHP html css", "description": "テスト説明5テスト説明5テスト説明5テスト説明5", "recieve_date": "2023/05/13", "remaining_days": 1, "site_name": "paiza"}