{"company_name": "123サービス株式会社", "description": "テスト説明3テスト説明3テスト説明3テスト説明3", "min_salary": 280, "max_salary": null, "location": "北海道", "using_lang": "Ruby JavaScript", "recieve_date": "2023/01/10", "remaining_days": 24}