{"company_name": "ABC商事株式会社", "description": "テスト説明2テスト説明2テスト説明2テスト説明2", "min_salary": 250, "max_salary": 600, "location": "大阪府", "using_lang": "Java", "recieve_date": "2023/02/12", "remaining_days": 22}