{"company_name": "株式会社あいうえお", "description": "サンプル説明文6サンプル説明文6サンプル説明文6サンプル説明文6サンプル説明文6サンプル説明文6", "min_salary": null, "max_salary": null, "location": "福岡県", "using_lang": "- - -", "recieve_date": "2023/03/09", "remaining_days": 6}