{"company_name": "XYZ株式会社", "min_salary": 300, "max_salary": 800, "location": "東京都", "using_lang": "Python3", "description": "テスト説明1テスト説明1テスト説明1テスト説明1", "recieve_date": "2023/03/15", "limit_day": 30, "site_name": "paiza"}