{"company_name": "株式会社BBB", "min_salary": 90, "max_salary": 678, "location": "大阪市北区 北海道札幌市 ※勤務地の希望は考慮します。", "using_lang": "- - -", "description": "タイトル4\n【ラベル1】【ラベル2】【ラベル3】【ラベル4】【ラベル5】【ラベル6】【ラベル7】【ラベル8】【ラベル9】\n●アピール1 ●アピール2 ●アピール3 ●アピール4\nセキュリティエンジニア", "recieve_date": "- - -", "remaining_days": "- - -", "site_name": "mynavi"}