{"company_name": "株式会社CCC", "min_salary": "- - -", "max_salary": "- - -", "location": "東京都渋谷区", "using_lang": "- - -", "description": "タイトル5\n【ラベル1】【ラベル2】【ラベル3】【ラベル4】【ラベル5】【ラベル6】【ラベル7】【ラベル8】【ラベル9】\n●アピール1 ●アピール2 ●アピール3 ●アピール4\nバイオテクノロジーサイエンティスト", "recieve_date": "- - -", "remaining_days": "- - -", "site_name": "mynavi"}