{"company_name": "社名非公開（※社名は転職・就職相談にて開示）", "min_salary": 300, "max_salary": "- - -", "location": "東京都世田谷区／東京本社 補足情報1 補足情報2", "using_lang": "- - -", "description": "タイトル1\n【ラベル1】【ラベル2】【ラベル3】【ラベル4】【ラベル5】【ラベル6】【ラベル7】【ラベル8】【ラベル9】【ラベル10】\n●アピール1 ●アピール2 ●アピール3 ●アピール4 ●アピール5 ●アピール6\n研究開発・特許・品質管理・その他（ソフトウェア・ネットワーク）", "recieve_date": "- - -", "limit_day": "- - -", "site_name": "mynavi"}