{"company_name": "株式会社AAA", "min_salary": 100, "max_salary": 234, "location": "東京都千代田区 または 神奈川県横浜市 ※勤務地の希望は考慮します。", "using_lang": "- - -", "description": "タイトル3\n【ラベル1】【ラベル2】【ラベル3】【ラベル4】【ラベル5】【ラベル6】【ラベル7】【ラベル8】【ラベル9】\n●アピール1 ●アピール2 ●アピール3 ●アピール4\n生産技術", "recieve_date": "- - -", "limit_day": "- - -", "site_name": "mynavi"}