{"company_name": "社名非公開（※社名は転職・就職相談にて開示）", "min_salary": 400, "max_salary": 1000, "location": "東京都豊島区／東京本社 石川県金沢市／ｏｏ営業所 神奈川県川崎市／ｏｏ営業所 茨城県つくば市／ｏｏ営業所 福岡県福岡市", "using_lang": "- - -", "description": "タイトル2\n【ラベル1】【ラベル2】【ラベル3】【ラベル4】【ラベル5】【ラベル6】【ラベル7】【ラベル8】【ラベル9】\n●アピール1 ●アピール2 ●アピール3 ●アピール4\nソフトウェアエンジニア,テストエンジニア,データサイエンティスト,フロントエンドエンジニア,プロジェクトマネージャー", "recieve_date": "- - -", "limit_day": "- - -", "site_name": "mynavi"}