[["id", "会社名", "提示最低年収", "提示最高年収", "勤務地", "使用言語", "詳細", "受信日", "返答期日", "取得サイト"], ["1", "LMNエンタープライズ株式会社", "150", "400", "愛知県", "PHP html css", "テスト説明5テスト説明5テスト説明5テスト説明5", "2023/05/13", "2023/03/22", "paiza"], ["2", "ABC商事株式会社", "250", "600", "大阪府", "Java", "テスト説明2テスト説明2テスト説明2テスト説明2", "2023/02/12", "2023/04/12", "paiza"], ["3", "123サービス株式会社", "280", "- - -", "北海道", "Ruby JavaScript", "テスト説明3テスト説明3テスト説明3テスト説明3", "2023/01/10", "2023/04/14", "paiza"], ["4", "XYZ株式会社", "300", "800", "東京都", "Python3", "テスト説明1テスト説明1テスト説明1テスト説明1", "2023/03/15", "2023/04/20", "paiza"], ["5", "PQRコンサルティング株式会社", "200", "500", "神奈川県", "C C++ C#", "テスト説明4テスト説明4テスト説明4テスト説明4", "2023/04/25", "2023/04/03", "paiza"], ["6", "株式会社あいうえお", "- - -", "- - -", "福岡県", "- - -", "サンプル説明文6サンプル説明文6サンプル説明文6サンプル説明文6サンプル説明文6サンプル説明文6", "2023/03/09", "2023/03/27", "paiza"], ["7", "株式会社CCC", "- - -", "- - -", "東京都渋谷区", "- - -", "タイトル5\n【ラベル1】【ラベル2】【ラベル3】【ラベル4】【ラベル5】【ラベル6】【ラベル7】【ラベル8】【ラベル9】\n●アピール1 ●アピール2 ●アピール3 ●アピール4\nバイオテクノロジーサイエンティスト", "- - -", "- - -", "mynavi"], ["8", "社名非公開（※社名は転職・就職相談にて開示）", "400", "1000", "東京都豊島区／東京本社 石川県金沢市／ｏｏ営業所 神奈川県川崎市／ｏｏ営業所 茨城県つくば市／ｏｏ営業所 福岡県福岡市", "- - -", "タイトル2\n【ラベル1】【ラベル2】【ラベル3】【ラベル4】【ラベル5】【ラベル6】【ラベル7】【ラベル8】【ラベル9】\n●アピール1 ●アピール2 ●アピール3 ●アピール4\nソフトウェアエンジニア,テストエンジニア,データサイエンティスト,フロントエンドエンジニア,プロジェクトマネージャー", "- - -", "- - -", "mynavi"], ["9", "株式会社AAA", "100", "234", "東京都千代田区 または 神奈川県横浜市 ※勤務地の希望は考慮します。", "- - -", "タイトル3\n【ラベル1】【ラベル2】【ラベル3】【ラベル4】【ラベル5】【ラベル6】【ラベル7】【ラベル8】【ラベル9】\n●アピール1 ●アピール2 ●アピール3 ●アピール4\n生産技術", "- - -", "- - -", "mynavi"], ["10", "社名非公開（※社名は転職・就職相談にて開示）", "300", "- - -", "東京都世田谷区／東京本社 補足情報1 補足情報2", "- - -", "タイトル1\n【ラベル1】【ラベル2】【ラベル3】【ラベル4】【ラベル5】【ラベル6】【ラベル7】【ラベル8】【ラベル9】【ラベル10】\n●アピール1 ●アピール2 ●アピール3 ●アピール4 ●アピール5 ●アピール6\n研究開発・特許・品質管理・その他（ソフトウェア・ネットワーク）", "- - -", "- - -", "mynavi"], ["11", "株式会社BBB", "90", "678", "大阪市北区 北海道札幌市 ※勤務地の希望は考慮します。", "- - -", "タイトル4\n【ラベル1】【ラベル2】【ラベル3】【ラベル4】【ラベル5】【ラベル6】【ラベル7】【ラベル8】【ラベル9】\n●アピール1 ●アピール2 ●アピール3 ●アピール4\nセキュリティエンジニア", "- - -", "- - -", "mynavi"]]